CCS PCH C Compiler, Version 5.011, 5967               08-Ìבת-25 23:03

               Filename:   F:\Common\Programming\GitHub\DIPAE_EnsomatomenaSystimata_6th_Term\Askisi7\Askisi7.1\ask7_1_solved.lst

               ROM used:   1058 bytes (3%)
                           Largest free fragment is 31710
               RAM used:   166 (8%) at main() level
                           176 (9%) worst case
               Stack used: 5 locations
               Stack size: 31

*
0000:  GOTO   01B6
.................... #include <main_.h> 
.................... #include <18F4550.h> 
.................... //////// Standard Header file for the PIC18F4550 device //////////////// 
.................... #device PIC18F4550 
0004:  CLRF   FF7
0006:  ADDLW  14
0008:  MOVWF  FF6
000A:  MOVLW  00
000C:  ADDWFC FF7,F
000E:  TBLRD*+
0010:  MOVF   FF5,W
0012:  RETURN 0
0014:  DATA 28,0C
0016:  DATA 01,06
0018:  DATA 20,00
001A:  DATA 20,00
001C:  DATA 20,00
*
0196:  TBLRD*+
0198:  MOVF   FF5,F
019A:  BZ    01B4
019C:  MOVFF  FF6,A5
01A0:  MOVFF  FF7,A6
01A4:  MOVFF  FF5,A7
01A8:  RCALL  0154
01AA:  MOVFF  A5,FF6
01AE:  MOVFF  A6,FF7
01B2:  BRA    0196
01B4:  RETURN 0
....................  
.................... #list 
....................  
.................... #device adc=10 
....................  
.................... #FUSES NOWDT                     //No Watch Dog Timer 
.................... #FUSES WDT32768                    //Watch Dog Timer uses 1:128 Postscale 
.................... #FUSES HSPLL                     //High Speed Crystal/Resonator with PLL enabled 
.................... #FUSES NOPROTECT                 //Code not protected from reading 
.................... #FUSES BROWNOUT                //No brownout reset 
.................... //#FUSES BORV20                    //Brownout reset at 2.0V 
.................... #FUSES NOPUT                     //No Power Up Timer 
.................... #FUSES NOCPD                     //No EE protection 
.................... #FUSES STVREN                    //Stack full/underflow will cause reset 
.................... #FUSES NODEBUG                   //No Debug mode for ICD 
.................... #FUSES NOLVP                     //No low voltage prgming, B3(PIC16) or B5(PIC18) used for I/O 
.................... #FUSES NOWRT                     //Program memory not write protected 
.................... #FUSES NOWRTD                    //Data EEPROM not write protected 
.................... #FUSES NOIESO                      //Internal External Switch Over mode enabled 
.................... #FUSES NOFCMEN                     //Fail-safe clock monitor enabled 
.................... #FUSES NOPBADEN                 ///PORTB pins are configured as analog input channels on RESET 
.................... #FUSES NOWRTC                    //configuration not registers write protected 
.................... #FUSES NOWRTB                    //Boot block not write protected 
.................... #FUSES NOEBTR                    //Memory not protected from table reads 
.................... #FUSES NOEBTRB                   //Boot block not protected from table reads 
.................... #FUSES NOCPB                     //No Boot Block code protection 
.................... #FUSES MCLR                      //Master Clear pin enabled 
.................... #FUSES NOLPT1OSC                   //Timer1 configured for low-power operation 
.................... #FUSES NOXINST                   //Extended set extension and Indexed Addressing mode disabled (Legacy mode) 
.................... #FUSES PLL5                      //Divide By 12(48MHz oscillator input) 
.................... #FUSES CPUDIV1                   //System Clock by 2 
.................... #FUSES USBDIV                    //USB clock source comes from PLL divide by 2 
.................... #FUSES VREGEN                    //USB voltage regulator enabled 
.................... //#FUSES ICPRT                     //ICPRT enabled 
.................... #FUSES WRTB 
.................... #FUSES NOICPRT  
.................... #FUSES NOLPT1OSC 
.................... #FUSES CCP2B3  
.................... #FUSES NOCPB 
.................... #FUSES NOCPD 
.................... #FUSES NOWRTC 
.................... #FUSES NOWRTD 
.................... #FUSES NOEBTR 
.................... #FUSES NOEBTRB               
....................  
.................... /* systm clock is 48 MHz */ 
.................... #use delay(clock=48000000,RESTART_WDT) 
*
001E:  CLRF   FEA
0020:  MOVLW  A8
0022:  MOVWF  FE9
0024:  MOVF   FEF,W
0026:  BZ    0048
0028:  MOVLW  0F
002A:  MOVWF  01
002C:  MOVLW  BF
002E:  MOVWF  00
0030:  CLRWDT
0032:  DECFSZ 00,F
0034:  BRA    0030
0036:  DECFSZ 01,F
0038:  BRA    002C
003A:  MOVLW  8F
003C:  MOVWF  00
003E:  DECFSZ 00,F
0040:  BRA    003E
0042:  CLRWDT
0044:  DECFSZ FEF,F
0046:  BRA    0028
0048:  RETURN 0
.................... /* --- BEGIN: changes required for bootloader ------------------------------ */ 
....................  
.................... /* ------------------------------------------------------------------------- */ 
.................... /* map reset vector and interrupt vector                                     */ 
.................... /* 0x000-0x7FF is used by the bootloader. The bootloader maps the original   */ 
.................... /* reset vecotr (0x000) to 0x800 and the reset vector (0x008) to 0x800.      */ 
.................... /* ------------------------------------------------------------------------- */ 
.................... //#build (reset=0x800, interrupt=0x808) 
....................  
.................... /* ------------------------------------------------------------------------- */ 
.................... /* reserve boot block area                                                   */ 
.................... /* This memory range is used by the bootloader, so the application must not  */ 
.................... /* use this area.                                                            */ 
.................... /* ------------------------------------------------------------------------- */ 
.................... //#org 0, 0x7FF {} 
....................  
.................... /* --- END: changes required for bootloader -------------------------------- */ 
....................  
....................  
....................  
....................  
....................  
.................... #include <flex_lcd_sim.h> 
.................... //--------------------------------------------------- 
.................... #define LCD_DB4   PIN_B4 
.................... #define LCD_DB5   PIN_B5 
.................... #define LCD_DB6   PIN_B6 
.................... #define LCD_DB7   PIN_B7 
....................  
.................... #define LCD_E      PIN_B3 
.................... #define LCD_RS     PIN_B2 
.................... #define LCD_RW     PIN_B1 
.................... #define lcd_type 2        // 0=5x7, 1=5x10, 2=2 lines 
.................... #define lcd_line_two 0x40 // LCD RAM address for the 2nd line 
.................... int8 const LCD_INIT_STRING[4] = 
.................... { 
....................  0x20 | (lcd_type << 2), // Func set: 4-bit, 2 lines, 5x8 dots 
....................  0xc,                    // Display on 
....................  1,                      // Clear display 
....................  6                       // Increment cursor 
....................  }; 
.................... //================================================================= 
.................... void lcd_send_nibble(int8 nibble); 
.................... void lcd_send_byte(int8 address, int8 n); 
.................... void lcd_init(void); 
.................... void lcd_gotoxy(int8 x, int8 y); 
.................... void lcd_putc(char c); 
.................... //================================================================= 
.................... //------------------------------------------------------------- 
.................... void lcd_send_nibble(int8 nibble) 
.................... { 
.................... // Note:  !! converts an integer expression 
.................... // to a boolean (1 or 0). 
....................  output_bit(LCD_DB4, !!(nibble & 1)); 
004A:  BTFSC  xAF.0
004C:  BRA    0052
004E:  BCF    F8A.4
0050:  BRA    0054
0052:  BSF    F8A.4
0054:  BCF    F93.4
....................  output_bit(LCD_DB5, !!(nibble & 2));  
0056:  BTFSC  xAF.1
0058:  BRA    005E
005A:  BCF    F8A.5
005C:  BRA    0060
005E:  BSF    F8A.5
0060:  BCF    F93.5
....................  output_bit(LCD_DB6, !!(nibble & 4));    
0062:  BTFSC  xAF.2
0064:  BRA    006A
0066:  BCF    F8A.6
0068:  BRA    006C
006A:  BSF    F8A.6
006C:  BCF    F93.6
....................  output_bit(LCD_DB7, !!(nibble & 8));    
006E:  BTFSC  xAF.3
0070:  BRA    0076
0072:  BCF    F8A.7
0074:  BRA    0078
0076:  BSF    F8A.7
0078:  BCF    F93.7
....................  
....................  delay_cycles(20);//20 
007A:  MOVLW  06
007C:  MOVWF  00
007E:  DECFSZ 00,F
0080:  BRA    007E
0082:  NOP   
....................  output_high(LCD_E); 
0084:  BCF    F93.3
0086:  BSF    F8A.3
....................  delay_us(45);//50 
0088:  CLRWDT
008A:  MOVLW  B3
008C:  MOVWF  00
008E:  DECFSZ 00,F
0090:  BRA    008E
0092:  NOP   
....................  output_low(LCD_E); 
0094:  BCF    F93.3
0096:  BCF    F8A.3
0098:  RETURN 0
.................... } 
....................  
.................... //----------------------------------- 
.................... // This sub-routine is only called by lcd_read_byte(). 
.................... // It's not a stand-alone routine.  For example, the 
.................... // R/W signal is set high by lcd_read_byte() before 
.................... // this routine is called.      
....................  
....................  
.................... //---------------------------------------- 
.................... // Send a byte to the LCD. 
.................... void lcd_send_byte(int8 address, int8 n) 
.................... { 
.................... output_low(LCD_RS); 
009A:  BCF    F93.2
009C:  BCF    F8A.2
....................  
.................... if(address) 
009E:  MOVF   xAC,F
00A0:  BZ    00A8
....................    output_high(LCD_RS); 
00A2:  BCF    F93.2
00A4:  BSF    F8A.2
00A6:  BRA    00AC
.................... else 
....................    output_low(LCD_RS); 
00A8:  BCF    F93.2
00AA:  BCF    F8A.2
....................       
....................  delay_cycles(10); 
00AC:  MOVLW  02
00AE:  MOVWF  00
00B0:  DECFSZ 00,F
00B2:  BRA    00B0
00B4:  BRA    00B6
00B6:  NOP   
....................  
.................... output_low(LCD_E); 
00B8:  BCF    F93.3
00BA:  BCF    F8A.3
....................  
.................... lcd_send_nibble(n >> 4); 
00BC:  SWAPF  xAD,W
00BE:  MOVWF  xAE
00C0:  MOVLW  0F
00C2:  ANDWF  xAE,F
00C4:  MOVFF  AE,AF
00C8:  RCALL  004A
.................... lcd_send_nibble(n & 0xf); 
00CA:  MOVF   xAD,W
00CC:  ANDLW  0F
00CE:  MOVWF  xAE
00D0:  MOVWF  xAF
00D2:  RCALL  004A
00D4:  RETURN 0
.................... } 
....................  
.................... //---------------------------- 
.................... void lcd_init(void) 
.................... { 
.................... int8 i; 
....................  
.................... output_low(LCD_RS); 
00D6:  BCF    F93.2
00D8:  BCF    F8A.2
....................  
.................... output_low(LCD_E); 
00DA:  BCF    F93.3
00DC:  BCF    F8A.3
.................... output_low(LCD_RW);			 
00DE:  BCF    F93.1
00E0:  BCF    F8A.1
.................... delay_ms(10); 
00E2:  MOVLW  0A
00E4:  MOVWF  xA8
00E6:  RCALL  001E
....................  
.................... for(i=0 ;i < 3; i++) 
00E8:  CLRF   xA5
00EA:  MOVF   xA5,W
00EC:  SUBLW  02
00EE:  BNC   0100
....................    { 
....................     lcd_send_nibble(0x03); 
00F0:  MOVLW  03
00F2:  MOVWF  xAF
00F4:  RCALL  004A
....................     delay_ms(2); 
00F6:  MOVLW  02
00F8:  MOVWF  xA8
00FA:  RCALL  001E
00FC:  INCF   xA5,F
00FE:  BRA    00EA
....................    } 
....................  
.................... lcd_send_nibble(0x02); 
0100:  MOVLW  02
0102:  MOVWF  xAF
0104:  RCALL  004A
....................  
.................... for(i=0; i < sizeof(LCD_INIT_STRING); i++) 
0106:  CLRF   xA5
0108:  MOVF   xA5,W
010A:  SUBLW  03
010C:  BNC   0130
....................    { 
....................     lcd_send_byte(0, LCD_INIT_STRING[i]); 
010E:  CLRF   03
0110:  MOVF   xA5,W
0112:  MOVFF  FF2,A6
0116:  BCF    FF2.7
0118:  RCALL  0004
011A:  BTFSC  xA6.7
011C:  BSF    FF2.7
011E:  MOVWF  xA6
0120:  CLRF   xAC
0122:  MOVWF  xAD
0124:  RCALL  009A
....................     
....................     // If the R/W signal is not used, then 
....................     // the busy bit can't be polled.  One of 
....................     // the init commands takes longer than 
....................     // the hard-coded delay of 60 us, so in 
....................     // that case, lets just do a 5 ms delay 
....................     // after all four of them. 
....................     
....................     delay_ms(1); 
0126:  MOVLW  01
0128:  MOVWF  xA8
012A:  RCALL  001E
012C:  INCF   xA5,F
012E:  BRA    0108
....................     } 
0130:  RETURN 0
....................  
.................... } 
....................  
.................... //---------------------------- 
....................  
.................... void lcd_gotoxy(int8 x, int8 y) 
.................... { 
.................... int8 address; 
....................  
.................... if(y != 1) 
0132:  DECFSZ xA9,W
0134:  BRA    0138
0136:  BRA    013E
....................    address = lcd_line_two; 
0138:  MOVLW  40
013A:  MOVWF  xAA
013C:  BRA    0140
.................... else 
....................    address=0; 
013E:  CLRF   xAA
....................  
.................... address += x-1; 
0140:  MOVLW  01
0142:  SUBWF  xA8,W
0144:  ADDWF  xAA,F
.................... lcd_send_byte(0, 0x80 | address); 
0146:  MOVF   xAA,W
0148:  IORLW  80
014A:  MOVWF  xAB
014C:  CLRF   xAC
014E:  MOVWF  xAD
0150:  RCALL  009A
0152:  RETURN 0
.................... } 
....................  
.................... //----------------------------- 
.................... void lcd_putc(char c) 
.................... { 
....................  switch(c) 
0154:  MOVF   xA7,W
0156:  XORLW  0C
0158:  BZ    0164
015A:  XORLW  06
015C:  BZ    0174
015E:  XORLW  02
0160:  BZ    0180
0162:  BRA    018A
....................    { 
....................     case '\f': 
....................       lcd_send_byte(0,1); 
0164:  CLRF   xAC
0166:  MOVLW  01
0168:  MOVWF  xAD
016A:  RCALL  009A
....................       delay_ms(1); 
016C:  MOVLW  01
016E:  MOVWF  xA8
0170:  RCALL  001E
....................       break; 
0172:  BRA    0194
....................     
....................     case '\n': 
....................        lcd_gotoxy(1,2); 
0174:  MOVLW  01
0176:  MOVWF  xA8
0178:  MOVLW  02
017A:  MOVWF  xA9
017C:  RCALL  0132
....................        break; 
017E:  BRA    0194
....................     
....................     case '\b': 
....................        lcd_send_byte(0,0x10); 
0180:  CLRF   xAC
0182:  MOVLW  10
0184:  MOVWF  xAD
0186:  RCALL  009A
....................        break; 
0188:  BRA    0194
....................     
....................     default: 
....................        lcd_send_byte(1,c); 
018A:  MOVLW  01
018C:  MOVWF  xAC
018E:  MOVFF  A7,AD
0192:  RCALL  009A
....................        break; 
....................    } 
0194:  RETURN 0
.................... } 
....................  
.................... //------------------------------ 
....................  
....................  
.................... int8 flag=1; 
.................... int8 k=0; 
.................... int8 j=0; 
.................... int8 g=0; 
.................... int8 s=0; 
.................... int8 f=0; 
.................... int8 counter=0; 
.................... char Message[] = {'T','H','I','S',' ','I','S',' ','A',' ','T','E','S','T',' ', 
....................    'T','E','X','T',' ','T','O',' ','S','H','O','W',' ','H','O','W',' ','T','O',' ', 
....................    'S','C','R','O','L','L',' ','T','H','E',' ','T','E','X','T',' ','O','N',' ', 
....................    'P','I','C','1','8','F','4','5','5','0',' ', 
....................    'M','I','C','R','O','C','O','N','T','R','O','L','L','E','R',' ', 
....................    'H','E','L','L','O',' ','E','M','B','E','D','D','E','D',' ', 
....................    'S','Y','S','T','E','M','S',' ', 
....................    'L','A','B','O','R','A','T','O','R','Y','.',' ', 
....................    'P','a','n','a','g','i','o','t','i','s',' ', 
....................    'A','l','e','v','r','o','p','o','u','l', 'o','s','.',' ' 
....................    ' ',' ',' ',' ',' ',' ',' ',' ',' ',' ',' ',' '};  
....................  
.................... const int16 MESSAGE_SCROLL_DELAY = 200; 
.................... //========================== 
.................... void main() { 
*
01B6:  CLRF   FF8
01B8:  BCF    FD0.7
01BA:  MOVLW  01
01BC:  MOVWF  04
01BE:  CLRF   05
01C0:  CLRF   06
01C2:  CLRF   07
01C4:  CLRF   08
01C6:  CLRF   09
01C8:  CLRF   0A
01CA:  MOVF   FC1,W
01CC:  ANDLW  C0
01CE:  IORLW  0F
01D0:  MOVWF  FC1
01D2:  MOVLW  07
01D4:  MOVWF  FB4
01D6:  BRA    026C
01D8:  DATA 8C,00
01DA:  DATA 0B,54
01DC:  DATA 48,49
01DE:  DATA 53,20
01E0:  DATA 49,53
01E2:  DATA 20,41
01E4:  DATA 20,54
01E6:  DATA 45,53
01E8:  DATA 54,20
01EA:  DATA 54,45
01EC:  DATA 58,54
01EE:  DATA 20,54
01F0:  DATA 4F,20
01F2:  DATA 53,48
01F4:  DATA 4F,57
01F6:  DATA 20,48
01F8:  DATA 4F,57
01FA:  DATA 20,54
01FC:  DATA 4F,20
01FE:  DATA 53,43
0200:  DATA 52,4F
0202:  DATA 4C,4C
0204:  DATA 20,54
0206:  DATA 48,45
0208:  DATA 20,54
020A:  DATA 45,58
020C:  DATA 54,20
020E:  DATA 4F,4E
0210:  DATA 20,50
0212:  DATA 49,43
0214:  DATA 31,38
0216:  DATA 46,34
0218:  DATA 35,35
021A:  DATA 30,20
021C:  DATA 4D,49
021E:  DATA 43,52
0220:  DATA 4F,43
0222:  DATA 4F,4E
0224:  DATA 54,52
0226:  DATA 4F,4C
0228:  DATA 4C,45
022A:  DATA 52,20
022C:  DATA 48,45
022E:  DATA 4C,4C
0230:  DATA 4F,20
0232:  DATA 45,4D
0234:  DATA 42,45
0236:  DATA 44,44
0238:  DATA 45,44
023A:  DATA 20,53
023C:  DATA 59,53
023E:  DATA 54,45
0240:  DATA 4D,53
0242:  DATA 20,4C
0244:  DATA 41,42
0246:  DATA 4F,52
0248:  DATA 41,54
024A:  DATA 4F,52
024C:  DATA 59,2E
024E:  DATA 20,50
0250:  DATA 61,6E
0252:  DATA 61,67
0254:  DATA 69,6F
0256:  DATA 74,69
0258:  DATA 73,20
025A:  DATA 41,6C
025C:  DATA 65,76
025E:  DATA 72,6F
0260:  DATA 70,6F
0262:  DATA 75,6C
0264:  DATA 6F,73
0266:  DATA 2E,0D
0268:  DATA C0,20
026A:  DATA 00,00
026C:  MOVLW  00
026E:  MOVWF  FF8
0270:  MOVLW  01
0272:  MOVWF  FF7
0274:  MOVLW  D8
0276:  MOVWF  FF6
0278:  TBLRD*+
027A:  MOVF   FF5,W
027C:  MOVWF  00
027E:  XORLW  00
0280:  BZ    02A8
0282:  TBLRD*+
0284:  MOVF   FF5,W
0286:  MOVWF  01
0288:  BTFSC  FE8.7
028A:  BRA    0296
028C:  ANDLW  0F
028E:  MOVWF  FEA
0290:  TBLRD*+
0292:  MOVFF  FF5,FE9
0296:  BTFSC  01.6
0298:  TBLRD*+
029A:  BTFSS  01.6
029C:  TBLRD*+
029E:  MOVFF  FF5,FEE
02A2:  DCFSNZ 00,F
02A4:  BRA    0278
02A6:  BRA    029A
02A8:  CLRF   FF8
02AA:  CLRF   xA4
....................    int8 i=0; 
....................    lcd_init(); 
02AC:  RCALL  00D6
....................    printf(lcd_putc,"\f"); 
02AE:  MOVLW  0C
02B0:  MOVWF  xA7
02B2:  RCALL  0154
....................    flag = 1; 
02B4:  MOVLW  01
02B6:  MOVWF  04
....................    counter = 0; 
02B8:  CLRF   0A
....................    while(TRUE){ 
....................       while(i < sizeof(Message)) { 
02BA:  MOVF   xA4,W
02BC:  SUBLW  98
02BE:  BTFSS  FD8.0
02C0:  BRA    040C
....................          while((Message[i]!=32) && (i < sizeof(Message))) { 
02C2:  CLRF   03
02C4:  MOVF   xA4,W
02C6:  ADDLW  0B
02C8:  MOVWF  FE9
02CA:  MOVLW  00
02CC:  ADDWFC 03,W
02CE:  MOVWF  FEA
02D0:  MOVF   FEF,W
02D2:  SUBLW  20
02D4:  BZ    02E0
02D6:  MOVF   xA4,W
02D8:  SUBLW  98
02DA:  BNC   02E0
....................             i++; 
02DC:  INCF   xA4,F
02DE:  BRA    02C2
....................          }    
....................          if ((i-k) < 16) { 
02E0:  MOVF   05,W
02E2:  SUBWF  xA4,W
02E4:  SUBLW  0F
02E6:  BNC   02F0
....................             i++;    
02E8:  INCF   xA4,F
....................             j=i; 
02EA:  MOVFF  A4,06
....................          } 
02EE:  BRA    040A
....................          else { 
....................             if (counter < 2) { // Oi protes dyo grammes tou keimenou 
02F0:  MOVF   0A,W
02F2:  SUBLW  01
02F4:  BNC   035C
....................                counter++; 
02F6:  INCF   0A,F
....................                lcd_gotoxy(1,flag); 
02F8:  MOVLW  01
02FA:  MOVWF  xA8
02FC:  MOVFF  04,A9
0300:  RCALL  0132
....................                for(g = k; g < j; g++) { 
0302:  MOVFF  05,07
0306:  MOVF   06,W
0308:  SUBWF  07,W
030A:  BC    0328
....................                   lcd_putc(Message[g]); 
030C:  CLRF   03
030E:  MOVF   07,W
0310:  ADDLW  0B
0312:  MOVWF  FE9
0314:  MOVLW  00
0316:  ADDWFC 03,W
0318:  MOVWF  FEA
031A:  MOVFF  FEF,A5
031E:  MOVFF  A5,A7
0322:  RCALL  0154
0324:  INCF   07,F
0326:  BRA    0306
....................                } 
....................                for(g = 0; g < (16-(j-k)); g++) { 
0328:  CLRF   07
032A:  MOVF   05,W
032C:  SUBWF  06,W
032E:  XORLW  FF
0330:  ADDLW  11
0332:  SUBWF  07,W
0334:  BC    0344
....................                 lcd_putc(" "); 
0336:  MOVLW  18
0338:  MOVWF  FF6
033A:  MOVLW  00
033C:  MOVWF  FF7
033E:  RCALL  0196
0340:  INCF   07,F
0342:  BRA    032A
....................                } 
....................                flag=2; 
0344:  MOVLW  02
0346:  MOVWF  04
....................                s=k; 
0348:  MOVFF  05,08
....................                f=j; 
034C:  MOVFF  06,09
....................                k=j; 
0350:  MOVFF  06,05
....................                delay_ms(MESSAGE_SCROLL_DELAY); 
0354:  MOVLW  C8
0356:  MOVWF  xA8
0358:  RCALL  001E
....................             } 
035A:  BRA    040A
....................             else { // Oi ypoloipes grammes tou keimenou 
....................                lcd_gotoxy(1,1); 
035C:  MOVLW  01
035E:  MOVWF  xA8
0360:  MOVWF  xA9
0362:  RCALL  0132
....................                for (g = s; g < f; g++) { 
0364:  MOVFF  08,07
0368:  MOVF   09,W
036A:  SUBWF  07,W
036C:  BC    038A
....................                   lcd_putc(Message[g]); 
036E:  CLRF   03
0370:  MOVF   07,W
0372:  ADDLW  0B
0374:  MOVWF  FE9
0376:  MOVLW  00
0378:  ADDWFC 03,W
037A:  MOVWF  FEA
037C:  MOVFF  FEF,A5
0380:  MOVFF  A5,A7
0384:  RCALL  0154
0386:  INCF   07,F
0388:  BRA    0368
....................                } 
....................                for(g = 0; g <(16-(f-s)); g++) { 
038A:  CLRF   07
038C:  MOVF   08,W
038E:  SUBWF  09,W
0390:  XORLW  FF
0392:  ADDLW  11
0394:  SUBWF  07,W
0396:  BC    03A6
....................                   lcd_putc(" "); 
0398:  MOVLW  1A
039A:  MOVWF  FF6
039C:  MOVLW  00
039E:  MOVWF  FF7
03A0:  RCALL  0196
03A2:  INCF   07,F
03A4:  BRA    038C
....................                } 
....................                delay_ms(10); 
03A6:  MOVLW  0A
03A8:  MOVWF  xA8
03AA:  RCALL  001E
....................                lcd_gotoxy(1,2); 
03AC:  MOVLW  01
03AE:  MOVWF  xA8
03B0:  MOVLW  02
03B2:  MOVWF  xA9
03B4:  RCALL  0132
....................                for (g = k; g < j; g++) { 
03B6:  MOVFF  05,07
03BA:  MOVF   06,W
03BC:  SUBWF  07,W
03BE:  BC    03DC
....................                   lcd_putc(Message[g]); 
03C0:  CLRF   03
03C2:  MOVF   07,W
03C4:  ADDLW  0B
03C6:  MOVWF  FE9
03C8:  MOVLW  00
03CA:  ADDWFC 03,W
03CC:  MOVWF  FEA
03CE:  MOVFF  FEF,A5
03D2:  MOVFF  A5,A7
03D6:  RCALL  0154
03D8:  INCF   07,F
03DA:  BRA    03BA
....................                } 
....................                for(g = 0; g <(16-(j-k)); g++){ 
03DC:  CLRF   07
03DE:  MOVF   05,W
03E0:  SUBWF  06,W
03E2:  XORLW  FF
03E4:  ADDLW  11
03E6:  SUBWF  07,W
03E8:  BC    03F8
....................                   lcd_putc(" "); 
03EA:  MOVLW  1C
03EC:  MOVWF  FF6
03EE:  MOVLW  00
03F0:  MOVWF  FF7
03F2:  RCALL  0196
03F4:  INCF   07,F
03F6:  BRA    03DE
....................                } 
....................                s=k; 
03F8:  MOVFF  05,08
....................                f=j; 
03FC:  MOVFF  06,09
....................                k=j; 
0400:  MOVFF  06,05
....................                delay_ms(MESSAGE_SCROLL_DELAY); 
0404:  MOVLW  C8
0406:  MOVWF  xA8
0408:  RCALL  001E
....................             } 
....................          }    
040A:  BRA    02BA
....................       }       
....................       // Arxikopoiisi gia epanalipsi tou minimatos 
....................       k=0; 
040C:  CLRF   05
....................       j=0; 
040E:  CLRF   06
....................       s=0; 
0410:  CLRF   08
....................       f=0; 
0412:  CLRF   09
....................       counter=0; 
0414:  CLRF   0A
....................       flag=1; 
0416:  MOVLW  01
0418:  MOVWF  04
....................       i=0; 
041A:  CLRF   xA4
....................       lcd_init(); 
041C:  RCALL  00D6
041E:  BRA    02BA
....................    } 
.................... } 
....................  
0420:  SLEEP 

Configuration Fuses:
   Word  1: 0E24   PLL5 CPUDIV1 USBDIV HSPLL NOFCMEN NOIESO
   Word  2: 1E3F   NOPUT BROWNOUT BORV21 VREGEN NOWDT WDT32768
   Word  3: 8000   CCP2B3 NOPBADEN NOLPT1OSC MCLR
   Word  4: 0081   STVREN NOLVP ICSP1 NOXINST NODEBUG
   Word  5: C00F   NOPROTECT NOCPB NOCPD
   Word  6: A00F   NOWRT NOWRTC WRTB NOWRTD
   Word  7: 400F   NOEBTR NOEBTRB
